Archive member included to satisfy reference by file (symbol)

build/jp/libultra.a(bcopy.o)  build/jp/src/game/save_file.o (bcopy)
build/jp/libultra.a(osWritebackDCacheAll.o)
                              build/jp/src/audio/heap.o (osWritebackDCacheAll)
build/jp/libultra.a(parameters.o)
                              build/jp/src/buffers/zbuffer.o (osTvType)
build/jp/libultra.a(bzero.o)  build/jp/src/game/memory.o (bzero)
build/jp/libultra.a(osInvalDCache.o)
                              build/jp/src/audio/synthesis.o (osInvalDCache)
build/jp/libultra.a(sqrtf.o)  build/jp/src/game/game_init.o (sqrtf)
build/jp/libultra.a(osUnmapTLBAll.o)
                              build/jp/src/game/main.o (osUnmapTLBAll)
build/jp/libultra.a(osInvalICache.o)
                              build/jp/src/game/memory.o (osInvalICache)
build/jp/libultra.a(osMapTLB.o)
                              build/jp/src/game/main.o (osMapTLB)
build/jp/libultra.a(osWritebackDCache.o)
                              build/jp/src/audio/playback.o (osWritebackDCache)
build/jp/libultra.a(osAiGetLength.o)
                              build/jp/src/audio/external.o (osAiGetLength)
build/jp/libultra.a(osPiStartDma.o)
                              build/jp/src/audio/load.o (osPiStartDma)
build/jp/libultra.a(__osDequeueThread.o)
                              build/jp/libultra.a(osAiGetLength.o) (__osThreadTail)
build/jp/libultra.a(osViSetMode.o)
                              build/jp/src/game/main.o (osViSetMode)
build/jp/libultra.a(__osGetCurrFaultedThread.o)
                              build/jp/src/game/crash.o (__osGetCurrFaultedThread)
build/jp/libultra.a(osAiSetFrequency.o)
                              build/jp/src/audio/heap.o (osAiSetFrequency)
build/jp/libultra.a(osViTable.o)
                              build/jp/src/buffers/zbuffer.o (osViModeTable)
build/jp/libultra.a(osViSetSpecialFeatures.o)
                              build/jp/src/game/main.o (osViSetSpecialFeatures)
build/jp/libultra.a(osViBlack.o)
                              build/jp/src/game/main.o (osViBlack)
build/jp/libultra.a(osEepromLongRead.o)
                              build/jp/src/game/save_file.o (osEepromLongRead)
build/jp/libultra.a(osSetEventMesg.o)
                              build/jp/libultra.a(osAiSetFrequency.o) (__osEventStateTab)
build/jp/libultra.a(osSyncPrintf.o)
                              build/jp/src/game/main.o (osSyncPrintf)
build/jp/libultra.a(osStopTimer.o)
                              build/jp/src/game/main.o (osStopTimer)
build/jp/libultra.a(osCreateViManager.o)
                              build/jp/src/game/main.o (osCreateViManager)
build/jp/libultra.a(osCartRomInit.o)
                              build/jp/libultra.a(osPiStartDma.o) (__Dom1SpeedParam)
build/jp/libultra.a(guRotateF.o)
                              build/jp/src/game/areamap.o (guRotate)
build/jp/libultra.a(osGetThreadPri.o)
                              build/jp/libultra.a(osCreateViManager.o) (osGetThreadPri)
build/jp/libultra.a(osPfsIsPlug.o)
                              build/jp/libultra.a(osEepromLongRead.o) (__osPfsPifRam)
build/jp/libultra.a(osJamMesg.o)
                              build/jp/libultra.a(osPiStartDma.o) (osJamMesg)
build/jp/libultra.a(osPiGetCmdQueue.o)
                              build/jp/libultra.a(osPiStartDma.o) (osPiGetCmdQueue)
build/jp/libultra.a(osSpTaskYield.o)
                              build/jp/src/game/main.o (osSpTaskYield)
build/jp/libultra.a(osEepromLongWrite.o)
                              build/jp/src/game/save_file.o (osEepromLongWrite)
build/jp/libultra.a(osCreateMesgQueue.o)
                              build/jp/src/audio/load.o (osCreateMesgQueue)
build/jp/libultra.a(osTimer.o)
                              build/jp/libultra.a(osAiSetFrequency.o) (__osBaseTimer)
build/jp/libultra.a(__osPiCreateAccessQueue.o)
                              build/jp/libultra.a(osSyncPrintf.o) (__osPiGetAccess)
build/jp/libultra.a(osViData.o)
                              build/jp/src/audio/load.o (osViModePalLan1)
build/jp/libultra.a(osViSwapBuffer.o)
                              build/jp/src/game/game_init.o (osViSwapBuffer)
build/jp/libultra.a(osSpTaskYielded.o)
                              build/jp/src/game/main.o (osSpTaskYielded)
build/jp/libultra.a(osLeoDiskInit.o)
                              build/jp/src/audio/load.o (__osDiskHandle)
build/jp/libultra.a(guOrthoF.o)
                              build/jp/src/game/rendering_graph_node.o (guOrtho)
build/jp/libultra.a(guTranslateF.o)
                              build/jp/src/game/areamap.o (guTranslate)
build/jp/libultra.a(osAiSetNextBuffer.o)
                              build/jp/src/audio/external.o (osAiSetNextBuffer)
build/jp/libultra.a(guScaleF.o)
                              build/jp/src/game/paintings.o (guScale)
build/jp/libultra.a(osRecvMesg.o)
                              build/jp/src/audio/heap.o (osRecvMesg)
build/jp/libultra.a(__osViInit.o)
[...]
Memory Configuration

Name             Origin             Length             Attributes
*default*        0x0000000000000000 0xffffffffffffffff

Linker script and memory map

                0x0000000080000000                EXCEPTION_TLB_MISS = 0x80000000
                0x00000000a4000000                SP_DMEM = 0xa4000000
                0x00000000a40004c0                SP_DMEM_UNK0 = 0xa40004c0
                0x00000000a4000774                SP_DMEM_UNK1 = 0xa4000774
                0x00000000a4001000                SP_IMEM = 0xa4001000
                0x00000000a4040010                SP_STATUS_REG = 0xa4040010
                0x00000000a4080000                SP_PC = 0xa4080000
                0x000000000400049c                D_CN_0400049C = 0x400049c
                0x000000000400074c                D_CN_0400074C = 0x400074c
                0x00000000a4300000                MI_MODE_REG = 0xa4300000
                0x00000000a4300004                MI_VERSION_REG = 0xa4300004
                0x00000000a4300008                MI_INTR_REG = 0xa4300008
                0x00000000a430000c                MI_INTR_MASK_REG = 0xa430000c
                0x00000000a4400010                VI_CURRENT_REG = 0xa4400010
                0x00000000a450000c                AI_STATUS_REG = 0xa450000c
                0x00000000a4600000                PI_DRAM_ADDR_REG = 0xa4600000
                0x00000000a4600004                PI_CART_ADDR_REG = 0xa4600004
                0x00000000a460000c                PI_WR_LEN_REG = 0xa460000c
                0x00000000a4600010                PI_STATUS_REG = 0xa4600010
                0x00000000a4600014                PI_BSD_DOM1_LAT_REG = 0xa4600014
                0x00000000a4600018                PI_BSD_DOM1_PWD_REG = 0xa4600018
                0x00000000a460001c                PI_BSD_DOM1_PGS_REG = 0xa460001c
                0x00000000a4600020                PI_BSD_DOM1_RLS_REG = 0xa4600020
                0x00000000a4700000                RI_MODE_REG = 0xa4700000
                0x00000000a4700010                RI_REFRESH_REG = 0xa4700010
                0x00000000a4800018                SI_STATUS_REG = 0xa4800018
                0x00000000b0000008                D_B0000008 = 0xb0000008
                0x00000000b0000010                D_B0000010 = 0xb0000010
                0x00000000b0000014                D_B0000014 = 0xb0000014
                0x00000000c0000000                D_C0000000 = 0xc0000000
                0x00000000c0000008                D_C0000008 = 0xc0000008
                0x00000000c000000c                D_C000000C = 0xc000000c
                0x000000008000035c                __osBbEepromAddress = 0x8000035c
                0x0000000080000360                __osBbEepromSize = 0x80000360
                0x0000000080000364                __osBbFlashAddress = 0x80000364
                0x0000000080000368                __osBbFlashSize = 0x80000368
                0x000000008000036c                __osBbSramAddress = 0x8000036c
                0x0000000080000370                __osBbSramSize = 0x80000370
                0x0000000080000374                __osBbPakAddress = 0x80000374
                0x0000000080000384                __osBbPakSize = 0x80000384
                0x0000000080000388                __osBbIsBb = 0x80000388
                0x000000008000038c                __osBbHackFlags = 0x8000038c
                0x0000000000000000                __romPos = 0x0
                0x0000000004000000                _bootSegmentStart = ADDR (.boot)
                0x00000000006a8b90                _bootSegmentRomStart = __romPos

.boot           0x0000000004000000     0x1000 load address 0x0000000000000000
 build/jp/asm/rom_header.o(.text)
 .text          0x0000000004000000       0x40 build/jp/asm/rom_header.o
 build/jp/asm/boot.o(.text)
 .text          0x0000000004000040      0xb30 build/jp/asm/boot.o
                0x0000000004000040                ipl3_entry
 build/jp/asm/ipl3_font.o(.text)
 .text          0x0000000004000b70      0x490 build/jp/asm/ipl3_font.o
                0x0000000004000b70                ipl3_font
                0x0000000004001000                _bootSegmentEnd = (ADDR (.boot) + SIZEOF (.boot))
                0x00000000006a9b90                _bootSegmentRomEnd = (__romPos + SIZEOF (.boot))
                [0x00000000006a8b90]                __romPos = (__romPos + SIZEOF (.boot))
                0x0000000080000400                . = 0x80000400
                0x0000000080000400                _zbufferSegmentNoloadStart = ADDR (.zbuffer.noload)

.zbuffer.noload
                0x0000000080000400    0x25800 load address 0x000000007c000400
 build/jp/src/buffers/zbuffer.o(.bss*)
 .bss           0x0000000080000400    0x25800 build/jp/src/buffers/zbuffer.o
                0x0000000080000400                gZBuffer
                0x00000000801c1000                . = 0x801c1000
                0x00000000801c1000                _buffersSegmentNoloadStart = ADDR (.buffers.noload)

.buffers.noload
                0x00000000801c1000    0x65ee0 load address 0x000000007c1c1000
 build/jp/src/buffers/buffers.o(.bss*)
 .bss           0x00000000801c1000    0x601a0 build/jp/src/buffers/buffers.o
                0x00000000801c1000                gDecompressionHeap
                0x00000000801ce000                gAudioHeap
                0x00000000801ff200                gAudioSPTaskYieldBuffer
                0x00000000801ff600                gUnusedThread2Stack
                0x0000000080200a00                gIdleThreadStack
                0x0000000080201200                gThread3Stack
                0x0000000080203200                gThread4Stack
                0x0000000080205200                gThread5Stack
                0x0000000080207200                gGfxSPTaskYieldBuffer
                0x0000000080207b00                gSaveBuffer
                0x0000000080207d00                gGfxSPTaskStack
                0x0000000080208100                gGfxPools
 build/jp/src/audio/globals_start.o(.bss*)
 .bss           0x00000000802211a0       0x10 build/jp/src/audio/globals_start.o
                0x00000000802211a0                gAudioGlobalsStartMarker
 build/jp/src/audio/synthesis.o(.bss*)
 .bss           0x00000000802211b0       0xf0 build/jp/src/audio/synthesis.o
                0x00000000802211b0                sAudioSynthesisPad
                0x00000000802211d0                gSynthesisReverb
 build/jp/src/audio/heap.o(.bss*)
 .bss           0x00000000802212a0     0x1780 build/jp/src/audio/heap.o
                0x00000000802212a0                gBankLoadStatus
                0x00000000802212e0                gSeqLoadStatus
                0x00000000802213e0                sReverbDownsampleRateLog
                0x00000000802213e8                gAudioSessionPool
                0x00000000802213f8                sAudioHeapPad
                0x0000000080221418                gSeqAndBankPool
                0x0000000080221428                gUnusedLoadedPool
                0x00000000802215f8                sSessionPoolSplit
                0x0000000080221608                sSeqAndBankPoolSplit
                0x0000000080221610                sPersistentCommonPoolSplit
                0x0000000080221620                sTemporaryCommonPoolSplit
                0x0000000080221630                gAudioUnusedBuffer
                0x0000000080222630                gVolume
                0x0000000080222632                gReverbDownsampleRate
                0x0000000080222638                gAudioInitPool
                0x0000000080222648                gNotesAndBuffersPool
                0x0000000080222658                gPersistentCommonPool
                0x0000000080222668                gTemporaryCommonPool
                0x0000000080222678                gSeqLoadedPool
                0x0000000080222848                gBankLoadedPool
 build/jp/src/audio/load.o(.bss*)
 .bss           0x0000000080222a20     0x4370 build/jp/src/audio/load.o
                0x0000000080222a20                gNotes
                0x0000000080222a28                gSequencePlayers
                0x0000000080222de8                gSequenceChannels
                0x00000000802245e8                gSequenceLayers
                0x0000000080225de8                gSequenceChannelNone
                0x0000000080225ea8                gLayerFreeList
                0x0000000080225eb8                gNoteFreeLists
                0x0000000080225ef8                gCurrAudioFrameDmaQueue
                0x0000000080225f10                gSampleDmaNumListItems
                0x0000000080225f14                gAlCtlHeader
                0x0000000080225f18                gAlTbl
                0x0000000080225f1c                gSeqFileHeader
                0x0000000080225f20                gAlBankSets
                0x0000000080225f24                gCtlEntries
                0x0000000080225f28                gAiFrequency
                0x0000000080225f2c                gMaxAudioCmds
                0x0000000080225f30                gMaxSimultaneousNotes
                0x0000000080225f34                gSamplesPerFrameTarget
                0x0000000080225f38                gMinAiBufferLength
                0x0000000080225f3c                gTempoInternalToExternal
                0x0000000080225f3e                gAudioUpdatesPerFrame
                0x0000000080225f3f                gSoundMode
                0x0000000080225f40                gCurrAudioFrameDmaMesgBufs
                0x0000000080226040                gCurrAudioFrameDmaIoMesgBufs
                0x0000000080226540                gAudioDmaMesgQueue
                0x0000000080226558                gAudioDmaMesg
                0x0000000080226560                gAudioDmaIoMesg
                0x0000000080226578                sSampleDmas
                0x0000000080226b78                sSampleDmaListSize1
                0x0000000080226b7c                sUnused80226B40
                0x0000000080226b80                sSampleDmaReuseQueue1
                0x0000000080226c80                sSampleDmaReuseQueue2
                0x0000000080226d80                sSampleDmaReuseQueueTail1
                0x0000000080226d81                sSampleDmaReuseQueueTail2
                0x0000000080226d82                sSampleDmaReuseQueueHead1
                0x0000000080226d83                sSampleDmaReuseQueueHead2
                0x0000000080226d84                gSequenceCount
                0x0000000080226d88                sDmaBufSize
 build/jp/src/audio/data.o(.bss*)
 .bss           0x0000000080226d90      0x150 build/jp/src/audio/data.o
                0x0000000080226d90                gCurrAudioFrameDmaCount
                0x0000000080226d94                gAudioTaskIndex
                0x0000000080226d98                gCurrAiBufferIndex
                0x0000000080226da0                gAudioCmdBuffers
                0x0000000080226da8                gAudioCmd
                0x0000000080226dac                gAudioTask
                0x0000000080226db0                gAudioTasks
                0x0000000080226e50                gAiBuffers
                0x0000000080226e5c                gAiBufferLengths
                0x0000000080226e68                gUnused80226E58
                0x0000000080226ea8                gUnused80226E98
                0x0000000080226ec8                gAudioRandom
                0x0000000080226ed0                gAudioGlobalsEndMarker
                0x0000000080226ed8                gAudioFrameCount
                0x0000000080226ee0                _buffersSegmentNoloadEnd = (ADDR (.buffers.noload) + SIZEOF (.buffers.noload))
                0x0000000080226ee0                _mainSegmentStart = ADDR (.main)
                0x00000000006a8b90                _mainSegmentRomStart = __romPos

.main           0x0000000080226ee0    0xab0f0 load address 0x0000000000001000
 build/jp/asm/entry.o(.text)
 .text          0x0000000080226ee0       0x50 build/jp/asm/entry.o
                0x0000000080226ee0                entry_point
 build/jp/src/game/main.o(.text)
 .text          0x0000000080226f30      0xee0 build/jp/src/game/main.o
                0x0000000080226f30                handle_debug_key_sequences
                0x0000000080227050                unknown_main_func
                0x00000000802270ac                InitStackMemory
                0x000000008022713c                CheckStackMemory
                0x000000008022723c                setup_mesg_queues
                0x000000008022730c                alloc_pool
                0x0000000080227364                create_thread
                0x00000000802273c8                receive_new_tasks
                0x00000000802274f8                start_sptask
                0x000000008022759c                interrupt_gfx_sptask
                0x00000000802275f8                start_gfx_sptask
                0x0000000080227654                handle_vblank
                0x0000000080227788                handle_sp_complete
                0x00000000802278d8                handle_dp_complete
                0x0000000080227950                start_rcp_hang_timer
                0x00000000802279cc                stop_rcp_hang_timer
                0x0000000080227a04                alert_rcp_hung_up
                0x0000000080227a30                thread3_main
                0x0000000080227ba4                set_vblank_handler
                0x0000000080227c04                dispatch_audio_sptask
                0x0000000080227c44                exec_display_list
                0x0000000080227cc4                thread1_idle
                0x0000000080227d98                main_func
 build/jp/src/game/game_init.o(.text)
 .text          0x0000000080227e10     0x18f0 build/jp/src/game/game_init.o
                0x0000000080227e10                init_rdp
                0x0000000080228110                init_rsp
                0x00000000802281f0                init_z_buffer
                0x0000000080228394                select_framebuffer
                0x000000008022844c                clear_framebuffer
                0x00000000802286a4                clear_viewport
                0x00000000802288c0                make_viewport_clip_rect
                0x0000000080228a30                create_gfx_task_structure
                0x0000000080228ba8                init_rcp
                0x0000000080228bf0                end_master_display_list
                0x0000000080228c88                render_init
                0x0000000080228d5c                select_gfx_pool
                0x0000000080228e10                display_and_vsync
                0x0000000080228f60                adjust_analog_stick
                0x00000000802290f4                read_controller_inputs
                0x000000008022933c                init_controllers
                0x0000000080229440                setup_game_memory
                0x00000000802295f4                thread5_game_loop
 build/jp/src/game/sound_init.o(.text)
 .text          0x0000000080229700      0x8c0 build/jp/src/game/sound_init.o
                0x0000000080229700                reset_volume
                0x0000000080229718                lower_background_noise
                0x00000000802297a8                raise_background_noise
                0x0000000080229838                disable_background_sound
                0x0000000080229880                enable_background_sound
                0x00000000802298c8                set_sound_mode
                0x0000000080229914                play_menu_sounds
                0x0000000080229aac                play_painting_eject_sound
                0x0000000080229b30                play_bowser_hallway_music
                0x0000000080229c0c                set_background_music
                0x0000000080229c6c                fadeout_level_music
                0x0000000080229cc0                play_cutscene_music
                0x0000000080229d00                play_shell_music
                0x0000000080229d3c                stop_shell_music
                0x0000000080229d88                play_cap_music
                0x0000000080229df4                fadeout_cap_music
                0x0000000080229e38                stop_cap_music
                0x0000000080229e84                play_menu_sounds_extra
                0x0000000080229ec8                audio_game_loop_tick
                0x0000000080229ef0                thread4_sound
 build/jp/src/game/level_update.o(.text)
 .text          0x0000000080229fc0     0x2180 build/jp/src/game/level_update.o
                0x0000000080229fc0                level_control_timer
                0x000000008022a098                pressed_pause
                0x000000008022a144                set_play_mode
                0x000000008022a16c                warp_special
                0x000000008022a198                fade_into_special_warp
                0x000000008022a20c                stub_level_update_1
                0x000000008022a21c                load_level_init_text
                0x000000008022a2c8                init_door_warp
                0x000000008022a37c                set_mario_initial_action
                0x000000008022a598                init_mario_after_warp
                0x000000008022a8c0                warp_area
                0x000000008022a920                warp_level
                0x000000008022a964                check_instant_warp
                0x000000008022ab74                music_changed_through_warp
                0x000000008022ac7c                initiate_warp
                0x000000008022ad14                get_painting_warp_node
                0x000000008022adbc                initiate_painting_warp
                0x000000008022af34                level_trigger_warp
                0x000000008022b348                initiate_delayed_warp
                0x000000008022b46c                update_hud_values
                0x000000008022b614                basic_update
                0x000000008022b668                play_mode_normal
                0x000000008022b78c                play_mode_paused
                0x000000008022b9b4                play_mode_frame_advance
                0x000000008022ba80                level_set_transition
                0x000000008022baa8                play_mode_change_area
                0x000000008022bb68                play_mode_change_level
                0x000000008022bca0                update_level
                0x000000008022bd74                init_level
                0x000000008022bed4                lvl_init_or_update
                0x000000008022bf58                lvl_init_from_save_file
                0x000000008022bfc4                lvl_set_current_level
                0x000000008022c0f0                lvl_play_the_end_screen_sound
 build/jp/src/game/interaction.o(.text)
 .text          0x000000008022c140     0x39c0 build/jp/src/game/interaction.o
                0x000000008022c140                object_facing_mario
                0x000000008022c1f4                mario_obj_angle_to_object
                0x000000008022c260                determine_interaction
                0x000000008022c544                attack_object
                0x000000008022c640                mario_grab_used_object
                0x000000008022c694                mario_drop_held_object
                0x000000008022c72c                mario_throw_held_object
                0x000000008022c818                mario_stop_riding_and_holding
                0x000000008022c878                able_to_grab_object
                0x000000008022c91c                mario_get_collided_object
                0x000000008022c99c                mario_check_object_grab
                0x000000008022cb28                bully_knock_back_mario
                0x000000008022cdd4                bounce_off_object
                0x000000008022ce50                hit_object_from_below
                0x000000008022cfc0                determine_knockback_action
                0x000000008022d254                push_mario_out_of_object
                0x000000008022d408                bounce_back_from_attack
                0x000000008022d49c                should_push_or_pull_door
                0x000000008022d548                take_damage_from_interact_object
                0x000000008022d584                take_damage_and_knock_back
                0x000000008022d684                reset_mario_pitch
                0x000000008022d704                interact_coin
                0x000000008022d7bc                interact_water_ring
                0x000000008022d7f4                interact_star_or_key
                0x000000008022da20                interact_bbh_entrance
                0x000000008022dae4                interact_warp
                0x000000008022dc70                interact_warp_door
                0x000000008022dd44                get_door_save_file_flag
                0x000000008022de68                interact_door
                0x000000008022e134                interact_cannon_base
                0x000000008022e1c0                interact_igloo_barrier
                0x000000008022e21c                interact_tornado
                0x000000008022e338                interact_flame
                0x000000008022e48c                interact_snufit_bullet
                0x000000008022e568                interact_clam_or_bubba
                0x000000008022e628                interact_bully
                0x000000008022e884                interact_mr_blizzard
                0x000000008022e8f4                interact_hit_from_below
                0x000000008022ea30                interact_bounce_top
                0x000000008022eb44                interact_unknown_08
                0x000000008022ebf4                interact_damage
                0x000000008022ec64                interact_breakable
                0x000000008022ed3c                check_object_grab_mario
                0x000000008022ee50                interact_pole
                0x000000008022eff4                interact_hoot
                0x000000008022f0c4                interact_grabbable
                0x000000008022f1e0                mario_can_talk
                0x000000008022f278                check_read_sign
                0x000000008022f40c                check_npc_talk
                0x000000008022f50c                interact_text
                0x000000008022f5a4                check_kick_or_punch_wall
                0x000000008022f710                mario_process_interactions
                0x000000008022f8e8                check_death_barrier
                0x000000008022f978                check_lava_boost
                0x000000008022f9f0                mario_handle_special_floors
 build/jp/src/game/mario.o(.text)
 .text          0x000000008022fb00     0x3cb0 build/jp/src/game/mario.o
                0x000000008022fb00                is_anim_at_end
                0x000000008022fb3c                is_anim_past_end
                0x000000008022fb78                set_mario_animation
                0x000000008022fcc4                set_mario_anim_with_accel
                0x000000008022fe3c                set_anim_to_frame
                0x000000008022fef8                is_anim_past_frame
                0x0000000080230014                find_mario_anim_flags_and_translation
                0x00000000802301e0                update_mario_pos_for_anim
                0x000000008023029c                return_mario_anim_y_translation
                0x00000000802302e0                play_sound_if_no_flag
                0x000000008023034c                play_mario_jump_sound
                0x00000000802303d8                play_sound_and_spawn_particles
                0x0000000080230460                play_mario_action_sound
                0x00000000802304c8                play_mario_landing_sound
                0x0000000080230500                play_mario_landing_sound_once
                0x0000000080230538                play_mario_heavy_landing_sound
                0x0000000080230570                play_mario_heavy_landing_sound_once
                0x00000000802305a8                play_mario_sound
                0x0000000080230648                mario_set_forward_vel
                0x00000000802306bc                mario_get_floor_class
                0x00000000802307e4                mario_get_terrain_sound_addend
                0x000000008023095c                resolve_and_return_wall_collisions
                0x0000000080230a10                vec3f_find_ceil
                0x0000000080230a68                mario_facing_downhill
                0x0000000080230ae8                mario_floor_is_slippery
                0x0000000080230c10                mario_floor_is_slope
                0x0000000080230d38                mario_floor_is_steep
                0x0000000080230e38                find_floor_height_relative_polar
                0x0000000080230f14                find_floor_slope
                0x00000000802310b4                update_mario_sound_and_camera
                0x00000000802311b0                set_steep_jump_action
                0x0000000080231a58                set_mario_action
                0x0000000080231bc8                set_jump_from_landing
                0x0000000080231d68                set_jumping_action
                0x0000000080231dd8                drop_and_set_mario_action
                0x0000000080231e24                hurt_and_set_mario_action
                0x0000000080231e78                check_common_action_exits
                0x0000000080231f60                check_common_hold_action_exits
                0x0000000080232048                transition_submerged_to_walking
                0x00000000802320f0                set_water_plunge_action
                0x00000000802321f0                squish_mario_model
                0x0000000080232388                debug_print_speed_action_normal
                0x0000000080232518                update_mario_button_inputs
                0x000000008023272c                update_mario_joystick_inputs
                0x0000000080232804                update_mario_geometry_inputs
                0x0000000080232afc                update_mario_inputs
                0x0000000080232c78                set_submerged_cam_preset_and_spawn_bubbles
                0x0000000080232e18                update_mario_health
                0x0000000080232f7c                update_mario_info_for_cam
                0x0000000080233000                mario_reset_bodystate
                0x000000008023304c                mario_update_hitbox_and_cap_model
                0x00000000802330e8                execute_mario_action
                0x0000000080233330                init_mario
                0x0000000080233668                init_mario_from_save_file
 build/jp/src/game/mario_step.o(.text)
 .text          0x00000000802337b0     0x1790 build/jp/src/game/mario_step.o
                0x00000000802337b0                get_additive_y_vel_for_jumps
                0x00000000802337cc                stub_mario_step_1
                0x00000000802337e0                stub_mario_step_2
                0x00000000802337f0                transfer_bully_speed
                0x0000000080233968                init_bully_collision_data
                0x0000000080233a2c                mario_bonk_reflection
                0x0000000080233ae0                mario_push_off_steep_floor
                0x0000000080233b98                mario_update_windy_ground
                0x0000000080233d74                stop_and_set_height_to_floor
                0x0000000080233df8                stationary_ground_step
                0x00000000802340c8                perform_ground_step
                0x0000000080234204                check_ledge_grab
                0x00000000802343ec                perform_air_quarter_step
                0x00000000802347b4                apply_twirl_gravity
                0x0000000080234858                should_strengthen_gravity_for_jump_ascent
                0x00000000802348f0                apply_gravity
                0x0000000080234af4                apply_vertical_wind
                0x0000000080234c64                perform_air_step
                0x0000000080234e18                set_vel_from_pitch_and_yaw
                0x0000000080234ecc                set_vel_from_yaw
 build/jp/src/game/mario_actions_cutscene.o(.text)
 .text          0x0000000080234f40     0x3680 build/jp/src/game/mario_actions_cutscene.o
                0x0000000080234f80                spawn_obj_at_mario_rel_yaw
                0x0000000080235018                mario_ready_to_speak
                0x00000000802350b0                set_mario_npc_dialog
                0x00000000802351b8                act_reading_npc_dialog
                0x00000000802353c4                act_waiting_for_dialog
                0x0000000080235450                act_disappeared
                0x00000000802354f4                act_reading_automatic_dialog
                0x0000000080235620                act_reading_sign
                0x00000000802357e8                act_debug_free_move
                0x0000000080235ac0                general_star_dance_handler
                0x0000000080235bfc                act_star_dance
                0x0000000080235cb4                act_star_dance_water
                0x0000000080235d94                act_fall_after_star_grab
                0x0000000080235ea0                common_death_handler
                0x0000000080235f18                act_standing_death
                0x0000000080235fac                act_electrocution
                0x0000000080235fe8                act_suffocation
                0x0000000080236024                act_death_on_back
                0x000000008023607c                act_death_on_stomach
                0x00000000802360d4                act_eaten_by_bubba
                0x0000000080236168                launch_mario_until_land
                0x000000008023622c                act_unlocking_star_door
                0x00000000802363dc                act_entering_star_door
                0x00000000802366ac                act_going_through_door
                0x0000000080236814                act_warp_door_spawn
                0x0000000080236918                act_emerge_from_pipe
                0x0000000080236a38                act_spawn_spin_airborne
                0x0000000080236bc8                act_spawn_spin_landing
                0x0000000080236c34                act_exit_airborne
                0x0000000080236cf8                act_falling_exit_airborne
                0x0000000080236d64                act_exit_land_save_dialog
                0x0000000080236e50                act_death_exit
                0x0000000080236f1c                act_unused_death_exit
                0x0000000080236fa8                act_falling_death_exit
                0x0000000080237034                act_special_exit_airborne
                0x000000008023711c                act_special_death_exit
                0x00000000802371f0                act_spawn_no_spin_airborne
                0x0000000080237264                act_spawn_no_spin_landing
                0x00000000802372e0                act_bbh_enter_spin
                0x00000000802376b8                act_bbh_enter_jump
                0x0000000080237808                act_teleport_fade_out
                0x00000000802378f4                act_teleport_fade_in
                0x0000000080237a50                act_squished
                0x0000000080238100                mario_execute_cutscene_action
 build/jp/src/game/mario_actions_automatic.o(.text)
 .text          0x00000000802385c0     0x2cb0 build/jp/src/game/mario_actions_automatic.o
                0x00000000802385c0                add_tree_leaf_particles
                0x0000000080238648                play_climbing_sounds
                0x0000000080238730                set_pole_position
                0x0000000080238a48                act_holding_pole
                0x0000000080238d8c                act_climbing_pole
                0x0000000080238f38                act_grab_pole_slow
                0x0000000080239100                act_grab_pole_fast
                0x000000008023933c                act_top_of_pole_transition
                0x000000008023943c                act_top_of_pole
                0x000000008023955c                perform_hanging_step
                0x0000000080239708                update_hang_moving
                0x00000000802398dc                update_hang_stationary
                0x0000000080239964                act_start_hanging
                0x0000000080239ac0                act_hanging
                0x0000000080239bf0                act_hang_moving
                0x0000000080239d90                let_go_of_ledge
                0x0000000080239ed4                climb_up_ledge
                0x0000000080239f80                update_ledge_climb_camera
                0x000000008023a064                update_ledge_climb
                0x000000008023a0e0                act_ledge_grab
                0x000000008023a368                act_ledge_climb_slow
                0x000000008023a448                act_ledge_climb_down
                0x000000008023a4cc                act_ledge_climb_fast
                0x000000008023a574                act_grabbed
                0x000000008023a650                act_in_cannon
                0x000000008023ab20                act_tornado_twirling
                0x000000008023af34                check_common_automatic_cancels
                0x000000008023af9c                mario_execute_automatic_action
 build/jp/src/game/mario_actions_stationary.o(.text)
 .text          0x000000008023b270     0x25a0 build/jp/src/game/mario_actions_stationary.o
                0x000000008023b270                check_common_idle_cancels
                0x000000008023b460                check_common_hold_idle_cancels
                0x000000008023b660                act_idle
                0x000000008023b7a0                play_anim_sound
                0x000000008023b80c                act_start_sleeping
                0x000000008023b95c                act_sleeping
                0x000000008023b9e0                act_waking_up
                0x000000008023bb10                act_hold_idle
                0x000000008023bb9c                act_hold_heavy_idle
                0x000000008023bcc4                act_standing_against_wall
                0x000000008023bdb8                act_crouching
                0x000000008023bf44                act_panting
                0x000000008023c00c                act_hold_panting_unused
                0x000000008023c108                stopping_step
                0x000000008023c168                act_braking_stop
                0x000000008023c268                act_butt_slide_stop
                0x000000008023c324                act_hold_butt_slide_stop
                0x000000008023c41c                act_start_crouching
                0x000000008023c53c                act_stop_crouching
                0x000000008023c65c                act_start_crawling
                0x000000008023c778                act_stop_crawling
                0x000000008023c868                act_shockwave_bounce
                0x000000008023c8dc                landing_step
                0x000000008023c94c                check_common_landing_cancels
                0x000000008023ca80                act_jump_land_stop
                0x000000008023cadc                act_double_jump_land_stop
                0x000000008023cb38                act_side_flip_land_stop
                0x000000008023cbac                act_freefall_land_stop
                0x000000008023cc30                act_lava_boost_land
                0x000000008023cca0                act_hold_jump_land_stop
                0x000000008023cd98                act_hold_freefall_land_stop
                0x000000008023ce90                act_air_throw_land
                0x000000008023cf5c                act_twirl_land
                0x000000008023d0b4                act_ground_pound_land
                0x000000008023d190                act_first_person
                0x000000008023d294                check_common_stationary_cancels
                0x000000008023d3a8                mario_execute_stationary_action
 build/jp/src/game/mario_actions_moving.o(.text)
 .text          0x000000008023d810     0x4dd0 build/jp/src/game/mario_actions_moving.o
                0x000000008023d810                tilt_body_running
                0x000000008023d894                play_step_sound
                0x000000008023d930                align_with_floor
                0x000000008023d99c                begin_walking_action
                0x000000008023d9fc                check_ledge_climb_down
                0x000000008023dbb4                slide_bonk
                0x000000008023dc40                set_triple_jump_action
                0x000000008023dcd4                update_sliding_angle
                0x000000008023e000                update_sliding
                0x000000008023e480                apply_slope_accel
                0x000000008023e6a4                apply_landing_accel
                0x000000008023e73c                apply_slope_decel
                0x000000008023e86c                update_decelerating_speed
                0x000000008023e8f8                update_walking_speed
                0x000000008023ebfc                should_begin_sliding
                0x000000008023ecb8                analog_stick_held_back
                0x000000008023ecfc                check_ground_dive_or_punch
                0x000000008023edc4                begin_braking_action
                0x000000008023ee94                anim_and_audio_for_walk
                0x000000008023f238                anim_and_audio_for_hold_walk
                0x000000008023f4ac                anim_and_audio_for_heavy_walk
                0x000000008023f514                push_or_sidle_wall
                0x000000008023f7a0                act_walking
                0x000000008023fa10                act_move_punching
                0x000000008023fc14                act_hold_walking
                0x000000008023fe48                act_hold_heavy_walking
                0x000000008023ffa4                act_turning_around
                0x00000000802401f0                act_finish_turning_around
                0x00000000802402ec                act_braking
                0x0000000080240440                act_hold_decelerating
                0x0000000080240700                act_crawling
                0x0000000080240934                act_burning_ground
                0x0000000080240bfc                common_slide_action
                0x0000000080240d5c                common_slide_action_with_jump
                0x0000000080240e2c                act_butt_slide
                0x0000000080240e84                act_hold_butt_slide
                0x0000000080240f10                act_crouch_slide
                0x000000008024106c                stomach_slide_action
                0x0000000080241180                act_stomach_slide
                0x00000000802411cc                act_hold_stomach_slide
                0x0000000080241248                act_dive_slide
                0x000000008024137c                common_ground_knockback_action
                0x0000000080241540                act_hard_backward_ground_kb
                0x00000000802415dc                act_hard_forward_ground_kb
                0x0000000080241658                act_backward_ground_kb
                0x0000000080241698                act_forward_ground_kb
                0x00000000802416d8                act_soft_backward_ground_kb
                0x0000000080241718                act_soft_forward_ground_kb
                0x0000000080241758                act_ground_bonk
                0x00000000802417bc                act_death_exit_land
                0x000000008024185c                common_landing_action
                0x0000000080241ae4                common_landing_cancels
                0x0000000080241cd4                act_jump_land
                0x0000000080241d8c                act_freefall_land
                0x0000000080241df4                act_side_flip_land
                0x0000000080241e80                act_hold_jump_land
                0x0000000080241f1c                act_hold_freefall_land
                0x0000000080241fb8                act_double_jump_land
                0x0000000080242020                check_common_moving_cancels
                0x0000000080242144                mario_execute_moving_action
 build/jp/src/game/mario_actions_airborne.o(.text)
 .text          0x00000000802425e0     0x4aa0 build/jp/src/game/mario_actions_airborne.o
                0x00000000802425e0                play_flip_sounds
                0x0000000080242660                play_far_fall_sound
                0x0000000080242730                lava_boost_on_wall
                0x00000000802427ec                check_fall_damage
                0x000000008024291c                check_dive_in_air
                0x0000000080242978                check_horizontal_wind
                0x0000000080242b7c                update_air_with_turn
                0x0000000080242d78                update_air_without_turn
                0x0000000080242fd4                update_lava_boost_or_twirling
                0x0000000080243158                update_flying_yaw
                0x0000000080243300                update_flying_pitch
                0x0000000080243478                update_flying
                0x0000000080243740                common_air_action_step
                0x0000000080243998                act_jump
                0x0000000080243a34                act_double_jump
                0x0000000080243b04                act_freefall
                0x0000000080243bf0                act_hold_jump
                0x0000000080243cec                act_hold_freefall
                0x0000000080243df8                act_side_flip
                0x0000000080243f00                act_wall_kick_air
                0x0000000080243fa8                act_twirling
                0x00000000802441d8                act_dive
                0x0000000080244434                act_air_throw
                0x000000008024454c                act_water_jump
                0x00000000802446a4                act_hold_water_jump
                0x00000000802447ec                act_steep_jump
                0x0000000080244964                act_ground_pound
                0x0000000080244c20                act_burning_jump
                0x0000000080244d64                act_burning_fall
                0x0000000080244e3c                common_air_knockback_step
                0x000000008024502c                check_wall_kick
                0x00000000802450b8                act_backward_air_kb
                0x0000000080245138                act_forward_air_kb
                0x00000000802451d4                act_hard_backward_air_kb
                0x0000000080245238                act_hard_forward_air_kb
                0x000000008024529c                act_thrown_backward
                0x0000000080245344                act_thrown_forward
                0x0000000080245438                act_soft_bonk
                0x00000000802454b4                act_air_hit_wall
                0x0000000080245678                act_forward_rollout
                0x0000000080245840                act_backward_rollout
                0x0000000080245a0c                act_butt_slide_air
                0x0000000080245bf0                act_hold_butt_slide_air
                0x0000000080245e0c                act_lava_boost
                0x00000000802460b0                act_shot_from_cannon
                0x0000000080246318                act_flying
                0x0000000080246710                act_riding_hoot
                0x00000000802468a4                act_top_of_pole_jump
                0x00000000802468ec                act_vertical_wind
                0x0000000080246acc                check_common_airborne_cancels
                0x0000000080246bac                mario_execute_airborne_action
 build/jp/src/game/mario_actions_submerged.o(.text)
 .text          0x0000000080247080     0x2b60 build/jp/src/game/mario_actions_submerged.o
                0x00000000802498cc                mario_execute_submerged_action
 build/jp/src/game/mario_actions_object.o(.text)
 .text          0x0000000080249be0     0x1050 build/jp/src/game/mario_actions_object.o
                0x0000000080249be0                animated_stationary_ground_step
                0x0000000080249c40                mario_update_punch_sequence
                0x0000000080249e94                act_punching
                0x0000000080249f6c                act_picking_up
                0x000000008024a0fc                act_dive_picking_up
                0x000000008024a1c8                act_placing_down
                0x000000008024a294                act_throwing
                0x000000008024a3c0                act_heavy_throw
                0x000000008024a4b4                act_stomach_slide_stop
                0x000000008024a580                act_picking_up_bowser
                0x000000008024a634                act_holding_bowser
                0x000000008024a920                act_releasing_bowser
                0x000000008024a9b4                check_common_object_cancels
                0x000000008024aa88                mario_execute_object_action
 build/jp/src/game/level_geo.o(.text)
 .text          0x000000008024ac30      0x2e0 build/jp/src/game/level_geo.o
                0x000000008024ac30                geo_envfx_main
                0x000000008024ae34                geo_skybox_main
 build/jp/src/game/mario_misc.o(.text)
 .text          0x000000008024af10     0x1070 build/jp/src/game/mario_misc.o
                0x000000008024af10                geo_draw_mario_head_goddard
                0x000000008024b0f4                bhv_unlock_door_star_init
                0x000000008024b208                bhv_unlock_door_star_loop
                0x000000008024b5dc                geo_mirror_mario_set_alpha
                0x000000008024b688                geo_switch_mario_stand_run
                0x000000008024b6f4                geo_switch_mario_eyes
                0x000000008024b7cc                geo_mario_head_rotation
                0x000000008024b91c                geo_switch_mario_hand
                0x000000008024b9f4                geo_switch_mario_hand_grab_pos
                0x000000008024bbb4                geo_render_mirror_mario
                0x000000008024be0c                geo_mirror_mario_backface_culling
 build/jp/src/game/memory.o(.text)
 .text          0x000000008024bf80     0x12e0 build/jp/src/game/memory.o
                0x000000008024bf80                set_segment_base_addr
                0x000000008024bfc0                get_segment_base_addr
                0x000000008024bff0                segmented_to_virtual
                0x000000008024c048                virtual_to_segmented
                0x000000008024c090                move_segment_table_to_dmem
                0x000000008024c110                main_pool_init
                0x000000008024c1bc                main_pool_alloc
                0x000000008024c2d4                main_pool_free
                0x000000008024c3f4                main_pool_realloc
                0x000000008024c464                main_pool_available
                0x000000008024c484                main_pool_push_state
                0x000000008024c534                main_pool_pop_state
                0x000000008024c728                load_segment
                0x000000008024c78c                load_to_fixed_pool_addr
                0x000000008024c888                load_segment_decompress
                0x000000008024c988                load_segment_decompress_heap
                0x000000008024ca54                load_engine_code_segment
                0x000000008024caf4                alloc_only_pool_init
                0x000000008024cb98                alloc_only_pool_alloc
                0x000000008024cc08                alloc_only_pool_resize
                0x000000008024cc78                mem_pool_init
                0x000000008024cd38                mem_pool_alloc
                0x000000008024ce54                mem_pool_free
                0x000000008024d00c                alloc_display_list
                0x000000008024d130                setup_dma_table_list
                0x000000008024d18c                load_patchable_table
 build/jp/src/game/save_file.o(.text)
 .text          0x000000008024d260     0x15b0 build/jp/src/game/save_file.o
                0x000000008024d920                save_file_do_save
                0x000000008024d9dc                save_file_erase
                0x000000008024da40                save_file_copy
                0x000000008024dabc                save_file_load_all
                0x000000008024dca8                save_file_create_temporary_file
                0x000000008024dce8                save_file_reload
                0x000000008024dd64                save_file_collect_star_or_key
                0x000000008024ded0                save_file_exists
                0x000000008024df0c                save_file_get_max_coin_score
                0x000000008024e00c                save_file_get_course_star_count
                0x000000008024e09c                save_file_get_total_star_count
                0x000000008024e134                save_file_set_flags
                0x000000008024e180                save_file_clear_flags
                0x000000008024e1f8                save_file_get_flags
                0x000000008024e22c                save_file_get_star_flags
                0x000000008024e2a0                save_file_set_star_flags
                0x000000008024e374                save_file_get_course_coin_score
                0x000000008024e3a4                save_file_is_cannon_unlocked
                0x000000008024e3f4                save_file_set_cannon_unlocked
                0x000000008024e47c                save_file_set_cap_pos
                0x000000008024e510                save_file_get_cap_pos
                0x000000008024e5c8                save_file_set_sound_mode
                0x000000008024e618                save_file_get_sound_mode
                0x000000008024e638                save_file_move_cap_to_default_location
                0x000000008024e6e0                disable_warp_checkpoint
                0x000000008024e6f8                check_if_should_set_warp_checkpoint
                0x000000008024e760                check_warp_checkpoint
 build/jp/src/game/area.o(.text)
 .text          0x000000008024e810      0xef0 build/jp/src/game/area.o
                0x000000008024e810                override_viewport_and_clip
                0x000000008024e87c                set_warp_transition_rgb
                0x000000008024e8f0                print_intro_text
                0x000000008024e97c                get_mario_spawn_type
                0x000000008024ea08                area_get_warp_node
                0x000000008024ea68                area_get_warp_node_from_params
                0x000000008024eab4                load_obj_warp_nodes
                0x000000008024eb44                clear_areas
                0x000000008024edb4                clear_area_graph_nodes
                0x000000008024ee84                load_area
                0x000000008024ef88                unload_area
                0x000000008024effc                load_mario_area
                0x000000008024f078                unload_mario_area
                0x000000008024f100                change_area
                0x000000008024f1a4                area_update_objects
                0x000000008024f1e0                play_transition
                0x000000008024f39c                play_transition_after_delay
                0x000000008024f3f4                render_game
 build/jp/src/game/rendering_graph_node.o(.text)
 .text          0x000000008024f700     0x2ae0 build/jp/src/game/rendering_graph_node.o
                0x0000000080250f78                geo_set_animation_globals
                0x0000000080251880                geo_process_held_object
                0x0000000080251c64                geo_try_process_children
                0x0000000080251ca4                geo_process_node_and_siblings
                0x0000000080251f2c                geo_process_root
 build/jp/src/game/profiler.o(.text)
 .text          0x00000000802521e0     0x10f0 build/jp/src/game/profiler.o
                0x00000000802521e0                profiler_log_thread5_time
                0x0000000080252290                profiler_log_thread4_time
                0x0000000080252320                profiler_log_gfx_time
                0x00000000802523cc                profiler_log_vblank_time
                0x000000008025245c                draw_profiler_bar
                0x0000000080252748                draw_reference_profiler_bars
                0x00000000802529bc                draw_profiler_mode_1
                0x0000000080252c9c                draw_profiler_mode_0
                0x0000000080253250                draw_profiler
 build/jp/lib/asm/slidec.o(.text)
 .text          0x00000000802532d0       0xa0 build/jp/lib/asm/slidec.o
                0x00000000802532d0                slidec
 build/jp/src/game/camera.o(.text)
 .text          0x0000000080253370    0x119b0 build/jp/src/game/camera.o
                0x0000000080253370                set_camera_shake_from_hit
                0x0000000080253628                set_environmental_camera_shake
                0x00000000802536cc                set_camera_shake_from_point
                0x0000000080253814                unused_set_camera_pitch_shake_env
                0x00000000802538b8                calc_y_to_curr_floor
                0x00000000802539b0                focus_on_mario
                0x0000000080253b88                set_camera_height
                0x0000000080253e4c                look_down_slopes
                0x0000000080253f74                update_radial_camera
                0x00000000802540c0                update_8_directions_camera
                0x0000000080254248                radial_camera_move
                0x0000000080254928                lakitu_zoom
                0x0000000080254b0c                radial_camera_input_default
                0x0000000080254b3c                update_yaw_and_dist_from_c_up
                0x0000000080254bbc                mode_radial_camera
                0x0000000080254cd0                mode_8_directions_camera
                0x0000000080254de8                update_outward_radial_camera
                0x0000000080254f44                mode_outward_radial_camera
                0x0000000080255044                update_parallel_tracking_camera
                0x00000000802559c0                update_fixed_camera
                0x0000000080255d20                update_boss_fight_camera
                0x00000000802561d0                unused_update_mode_5_camera
                0x0000000080256200                mode_boss_fight_camera
                0x0000000080256240                mode_parallel_tracking_camera
                0x00000000802562a4                mode_fixed_camera
                0x0000000080256324                update_behind_mario_camera
                0x00000000802564a0                mode_behind_mario
                0x0000000080256664                update_slide_camera
                0x0000000080256a9c                mode_behind_mario_camera
                0x0000000080256ad0                nop_update_water_camera
                0x0000000080256aec                mode_water_surface_camera
                0x0000000080256b20                update_mario_camera
                0x0000000080256bb0                update_default_camera
                0x0000000080257a38                mode_default_camera
                0x0000000080257a74                mode_lakitu_camera
                0x0000000080257ab0                mode_mario_camera
                0x0000000080257aec                update_spiral_stairs_camera
                0x0000000080257e24                mode_spiral_stairs_camera
                0x0000000080257e64                update_slide_or_0f_camera
                0x0000000080257f54                mode_slide_camera
                0x0000000080257fe4                store_lakitu_cam_info_for_c_up
                0x000000008025806c                set_mode_c_up
                0x00000000802580d8                exit_c_up
                0x0000000080258538                update_c_up
                0x00000000802585d4                move_mario_head_c_up
                0x000000008025875c                move_into_c_up
                0x0000000080258a50                mode_c_up_camera
                0x0000000080258bd4                update_in_cannon
                0x0000000080258c5c                mode_cannon_camera
                0x0000000080258d48                transition_next_state
                0x0000000080258d94                transition_to_camera_mode
                0x0000000080258e88                set_camera_mode
                0x00000000802590f0                update_lakitu
                0x00000000802594c8                update_camera
                0x0000000080259874                reset_camera
                0x0000000080259b44                init_camera
                0x000000008025a060                create_camera
                0x000000008025a138                update_graph_node_camera
                0x000000008025a1a8                geo_camera_main
                0x000000008025a238                stub_camera_2
                0x000000008025a24c                stub_camera_3
                0x000000008025a260                vec3f_sub
                0x000000008025a2a0                object_pos_to_vec3f
                0x000000008025a2c8                vec3f_to_object_pos
                0x000000008025a2f0                unused_object_angle_to_vec3s
                0x000000008025a318                evaluate_cubic_spline
                0x000000008025a75c                move_point_along_spline
                0x000000008025aa9c                set_handheld_shake
                0x000000008025abc4                shake_camera_handheld
                0x000000008025aef8                find_c_buttons_pressed
                0x000000008025b07c                collide_with_walls
                0x000000008025b2b8                vec3f_compare
                0x000000008025b334                clamp_pitch
                0x000000008025b3f8                is_within_100_units_of_mario
                0x000000008025b47c                set_or_approach_f32_asymptotic
                0x000000008025b514                approach_f32_asymptotic_bool
                0x000000008025b5a8                approach_f32_asymptotic
                0x000000008025b5d4                approach_s16_asymptotic_bool
                0x000000008025b68c                approach_s16_asymptotic
                0x000000008025b730                approach_vec3f_asymptotic
                0x000000008025b7a4                set_or_approach_vec3f_asymptotic
                0x000000008025b818                approach_vec3s_asymptotic
                0x000000008025b88c                camera_approach_s16_symmetric_bool
                0x000000008025b96c                camera_approach_s16_symmetric
                0x000000008025ba5c                set_or_approach_s16_symmetric
                0x000000008025baec                camera_approach_f32_symmetric_bool
                0x000000008025bc2c                camera_approach_f32_symmetric
                0x000000008025bd20                random_vec3s
                0x000000008025be40                reduce_by_dist_from_camera
                0x000000008025c0a8                clamp_positions_and_find_yaw
                0x000000008025c1a0                calc_avoid_yaw
                0x000000008025c214                cam_bob_tower
                0x000000008025c25c                cam_bob_default_free_roam
                0x000000008025c290                is_surf_within_bounding_box
                0x000000008025c688                is_behind_surface
                0x000000008025c858                is_range_behind_surface
                0x000000008025c988                is_mario_behind_surface
                0x000000008025c9d0                scale_along_line
                0x000000008025ca84                is_pos_in_bounds
                0x000000008025cbc4                calculate_pitch
                0x000000008025cc74                calculate_yaw
                0x000000008025ccfc                calculate_angles
                0x000000008025cdc4                calc_abs_dist
                0x000000008025ce68                calc_hor_dist
                0x000000008025cee8                rotate_in_xz
                0x000000008025cfb8                rotate_in_yz
                0x000000008025d08c                set_camera_pitch_shake
                0x000000008025d0e8                set_camera_yaw_shake
                0x000000008025d1a8                set_camera_roll_shake
                0x000000008025d204                set_pitch_shake_from_point
                0x000000008025d2b8                set_yaw_shake_from_point
                0x000000008025d36c                increment_shake_offset
                0x000000008025d3b4                shake_camera_pitch
                0x000000008025d4c8                shake_camera_yaw
                0x000000008025d5d4                shake_camera_roll
                0x000000008025d6a8                offset_yaw_outward_radial
                0x000000008025d83c                play_camera_buzz_if_cdown
                0x000000008025d87c                play_camera_buzz_if_cbutton
                0x000000008025d8bc                play_sound_cbutton_up
                0x000000008025d8f0                play_sound_cbutton_down
                0x000000008025d924                play_sound_cbutton_side
                0x000000008025d958                play_sound_button_change_blocked
                0x000000008025d98c                play_sound_rbutton_changed
                0x000000008025d9c0                radial_camera_input
                0x000000008025dc74                trigger_cutscene_dialog
                0x000000008025dcd8                handle_c_button_movement
                0x000000008025df44                clear_cutscene_vars
                0x000000008025e048                start_cutscene
                0x000000008025e098                open_door_cutscene
                0x000000008025e0f4                get_cutscene_from_mario_status
                0x000000008025e344                warp_camera
                0x000000008025e494                approach_camera_height
                0x000000008025e550                stub_camera_4
                0x000000008025e570                set_focus_rel_mario
                0x000000008025e794                offset_rotated
                0x000000008025e938                offset_rotated_coords
                0x000000008025e990                determine_pushing_or_pulling_door
                0x000000008025e9c8                next_lakitu_state
                0x000000008025eff0                set_camera_mode_fixed
                0x000000008025f150                set_camera_mode_8_directions
                0x000000008025f1a0                set_camera_mode_boss_fight
                0x000000008025f1fc                set_camera_mode_close_cam
                0x000000008025f23c                set_camera_mode_radial
                0x000000008025f340                parallel_tracking_init
                0x000000008025f42c                check_blocking_area_processing
                0x000000008025f500                cam_castle_enter_lobby
                0x000000008025f57c                cam_castle_close_mode
                0x000000008025f5a8                surface_type_modes
                0x000000008025f680                set_mode_if_not_set_by_surface
                0x000000008025f6e8                camera_course_processing
                0x000000008025fb5c                resolve_geometry_collisions
                0x000000008025fe00                rotate_camera_around_walls
                0x00000000802600ec                find_mario_floor_and_ceil
                0x0000000080260274                start_object_cutscene
                0x00000000802602a8                start_object_cutscene_without_focus
                0x00000000802602d4                unused_dialog_cutscene_response
                0x0000000080260354                cutscene_object_with_dialog
                0x0000000080260418                cutscene_object_without_dialog
                0x000000008026045c                cutscene_object
                0x00000000802604e8                update_camera_yaw
                0x0000000080260530                cutscene_reset_spline
                0x0000000080260554                stop_cutscene_and_retrieve_stored_info
                0x00000000802605b8                cap_switch_save
                0x00000000802605f4                init_spline_point
                0x000000008026064c                copy_spline_segment
                0x0000000080260808                cutscene_common_set_dialog_state
                0x000000008026085c                store_info_cannon
                0x00000000802608bc                retrieve_info_cannon
                0x000000008026091c                store_info_star
                0x0000000080260998                retrieve_info_star
                0x0000000080260a80                pan_camera
                0x0000000080260b0c                cutscene_shake_explosion
                0x0000000080260b6c                rotate_and_move_vec3f
                0x0000000080260c04                set_flag_post_door
                0x0000000080260c54                cutscene_soften_music
                0x0000000080260c88                cutscene_unsoften_music
                0x0000000080260ccc                cutscene_unused_start
                0x0000000080260ce0                cutscene_unused_loop
                0x0000000080260cf4                focus_in_front_of_mario
                0x0000000080260d84                cutscene_dance_default_focus_mario
                0x0000000080260dbc                cutscene_dance_default_rotate
                0x0000000080260e48                cutscene_bowser_area_shake_fov
                0x0000000080260e74                cutscene_bowser_area_start_bowser_walking
                0x0000000080260e98                cutscene_bowser_arena_set_pos
                0x0000000080260f08                cutscene_bowser_arena_focus_sine
                0x0000000080260fa0                cutscene_bowser_arena_set_focus
                0x0000000080260fe4                cutscene_bowser_arena_adjust_offsets
                0x000000008026105c                cutscene_bowser_arena_pan_left
                0x000000008026109c                cutscene_enter_bowser_arena_init
                0x0000000080261130                cutscene_enter_bowser_arena_follow_mario
                0x0000000080261234                cutscene_enter_bowser_arena_end
                0x0000000080261270                cutscene_enter_bowser_arena
                0x00000000802612e8                cutscene_goto_cvar_pos
                0x0000000080261424                water_death_move_to_mario_side
                0x00000000802614b4                death_goto_mario
                0x00000000802614f0                cutscene_death_standing_start
                0x0000000080261564                cutscene_death_standing_goto_mario
                0x0000000080261598                cutscene_death_standing
                0x0000000080261600                cutscene_death_stomach_start
                0x0000000080261684                cutscene_death_stomach_goto_mario
                0x00000000802616f0                cutscene_death_stomach
                0x0000000080261760                cutscene_quicksand_death_start
                0x000000008026179c                cutscene_quicksand_death_goto_mario
                0x00000000802617f4                cutscene_quicksand_death
                0x00000000802618b8                cutscene_suffocation_fly_away
                0x0000000080261948                cutscene_suffocation_stay_above_gas
                0x00000000802619f8                cutscene_suffocation_rotate
                0x0000000080261a78                cutscene_suffocation
                0x0000000080261b18                cutscene_dialog_start
                0x0000000080261c68                cutscene_dialog_move_mario_shoulder
                0x0000000080261e9c                cutscene_dialog_create_dialog_box
                0x0000000080261f04                cutscene_dialog
                0x0000000080262028                cutscene_dialog_set_flag
                0x0000000080262050                cutscene_dialog_end
                0x0000000080262098                cutscene_read_message_start
                0x0000000080262120                unused_cam_to_mario
                0x000000008026215c                cutscene_read_message
                0x00000000802622c4                cutscene_read_message_set_flag
                0x00000000802622ec                cutscene_read_message_end
                0x0000000080262314                cutscene_exit_succ_start
                0x00000000802623b4                cutscene_non_painting_set_cam_pos
                0x0000000080262430                cutscene_non_painting_set_cam_focus
                0x00000000802624a0                cutscene_exit_bowser_succ_focus_left
                0x00000000802624e0                cutscene_exit_bowser_key_toss_shake
                0x0000000080262528                cutscene_exit_succ_shake_landing
                0x0000000080262554                cutscene_exit_bowser_succ
                0x0000000080262608                cutscene_non_painting_end
                0x00000000802626a0                cutscene_exit_non_painting_succ_override_cvar
                0x00000000802626e4                cutscene_exit_non_painting_succ
                0x00000000802627a0                cutscene_non_painting_death_start
                0x000000008026283c                cutscene_exit_bowser_death
                0x00000000802628a8                cutscene_non_painting_death_override_offset
                0x00000000802628ec                cutscene_non_painting_death
                0x0000000080262984                cutscene_intro_init
                0x00000000802629e8                cutscene_intro_rotate_camera
                0x0000000080262a58                cutscene_intro_zoom
                0x0000000080262ad0                cutscene_intro
                0x0000000080262b3c                cutscene_intro_end
                0x0000000080262bec                cutscene_enter_painting_stub
                0x0000000080262c00                cutscene_enter_painting
                0x0000000080262c2c                cutscene_exit_painting_start
                0x0000000080262d18                cutscene_exit_painting_move_to_mario
                0x0000000080262db4                cutscene_exit_painting_move_to_floor
                0x0000000080262ec4                cutscene_unused_exit_focus_mario
                0x0000000080262f08                cutscene_exit_painting
                0x0000000080262fa8                cutscene_unused_exit_start
                0x0000000080263034                cutscene_exit_painting_end
                0x00000000802630ac                cutscene_enter_cannon_end
                0x0000000080263104                cutscene_enter_cannon_raise
                0x0000000080263338                cutscene_enter_cannon_start
                0x0000000080263450                cutscene_door_start
                0x00000000802634a4                cutscene_door_fix_cam
                0x00000000802634f8                cutscene_door_loop
                0x0000000080263540                cutscene_door_move_behind_mario
                0x000000008026364c                cutscene_door_follow_mario
                0x00000000802636e8                cutscene_door_end
                0x000000008026378c                cutscene_door_mode
                0x0000000080263868                play_cutscene
                0x00000000802640d8                cutscene_event
                0x000000008026415c                set_fov_shake
                0x00000000802641c4                set_fov_shake_from_point
                0x0000000080264278                shake_camera_fov
                0x0000000080264390                set_fov_30
                0x00000000802643b4                approach_fov_20
                0x00000000802643f4                set_fov_45
                0x0000000080264418                set_fov_29
                0x000000008026443c                zoom_fov_30
                0x000000008026449c                fov_default
                0x0000000080264680                approach_fov_30
                0x00000000802646bc                approach_fov_60
                0x00000000802646f8                approach_fov_45
                0x0000000080264790                approach_fov_80
                0x00000000802647cc                geo_camera_fov
                0x0000000080264914                set_fov_function
                0x0000000080264930                cutscene_set_fov_shake_preset
                0x00000000802649b0                set_fov_shake_from_point_preset
                0x0000000080264c78                obj_rotate_towards_point
 build/jp/src/game/debug_course.o(.text)
 .text          0x0000000080264d20       0x10 build/jp/src/game/debug_course.o
                0x0000000080264d20                nop_change_course
 build/jp/src/game/object_list_processor.o(.text)
 .text          0x0000000080264d30     0x1120 build/jp/src/game/object_list_processor.o
                0x0000000080264d30                copy_mario_state_to_object
                0x0000000080264fc4                spawn_particle
                0x0000000080265050                bhv_mario_update
                0x000000008026512c                update_objects_starting_at
                0x00000000802651c0                update_objects_during_time_stop
                0x0000000080265320                update_objects_in_list
                0x0000000080265390                unload_deactivated_objects_in_list
                0x0000000080265450                set_object_respawn_info_bits
                0x00000000802654d4                unload_objects_from_area
                0x00000000802655a8                spawn_objects_from_info
                0x00000000802657a0                stub_obj_list_processor_1
                0x00000000802657b0                clear_objects
                0x00000000802658ec                update_terrain_objects
                0x000000008026593c                update_non_terrain_objects
                0x00000000802659f0                unload_deactivated_objects
                0x0000000080265c58                update_objects
 build/jp/src/game/object_helpers.o(.text)
 .text          0x0000000080265e50     0x7b20 build/jp/src/game/object_helpers.o
                0x0000000080265e50                geo_update_projectile_pos_from_parent
                0x0000000080265ee4                geo_update_layer_transparency
                0x0000000080266118                geo_switch_anim_state
                0x00000000802661a4                geo_switch_area
                0x00000000802662bc                obj_update_pos_from_parent_transformation
                0x0000000080266390                obj_apply_scale_to_matrix
                0x0000000080266468                create_transformation_from_matrices
                0x0000000080266798                obj_set_held_state
                0x0000000080266864                lateral_dist_between_objects
                0x00000000802668e0                dist_between_objects
                0x0000000080266980                cur_obj_forward_vel_approach_upward
                0x00000000802669d0                approach_f32_signed
                0x0000000080266a7c                approach_f32_symmetric
                0x0000000080266b18                approach_s16_symmetric
                0x0000000080266bd4                cur_obj_rotate_yaw_toward
                0x0000000080266c7c                obj_angle_to_object
                0x0000000080266cfc                obj_turn_toward_object
                0x0000000080266ea4                obj_set_parent_relative_pos
                0x0000000080266efc                obj_set_pos
                0x0000000080266f54                obj_set_angle
                0x0000000080266f94                spawn_object_abs_with_rot
                0x000000008026700c                spawn_object_rel_with_rot
                0x0000000080267094                spawn_obj_with_transform_flags
                0x00000000802670ec                spawn_water_droplet
                0x0000000080267308                spawn_object_at_origin
                0x00000000802673b4                spawn_object
                0x000000008026740c                try_to_spawn_object
                0x00000000802674a0                spawn_object_with_scale
                0x000000008026754c                spawn_object_relative
                0x00000000802675e4                spawn_object_relative_with_scale
                0x0000000080267658                cur_obj_move_using_vel
                0x00000000802676b0                obj_copy_graph_y_offset
                0x00000000802676c8                obj_copy_pos_and_angle
                0x0000000080267708                obj_copy_pos
                0x0000000080267730                obj_copy_angle
                0x0000000080267770                obj_set_gfx_pos_from_pos
                0x0000000080267798                obj_init_animation
                0x00000000802677e8                linear_mtxf_mul_vec3f
                0x000000008026785c                linear_mtxf_transpose_mul_vec3f
                0x00000000802678d4                obj_apply_scale_to_transform
                0x0000000080267990                obj_copy_scale
                0x00000000802679b8                obj_scale_xyz
                0x00000000802679ec                obj_scale
                0x0000000080267a18                cur_obj_scale
                0x0000000080267a4c                cur_obj_init_animation
                0x0000000080267a9c                cur_obj_init_animation_with_sound
                0x0000000080267afc                cur_obj_init_animation_with_accel_and_sound
                0x0000000080267b84                obj_init_animation_with_sound
                0x0000000080267be8                cur_obj_enable_rendering_and_become_tangible
                0x0000000080267c08                cur_obj_enable_rendering
                0x0000000080267c2c                cur_obj_disable_rendering_and_become_intangible
                0x0000000080267c54                cur_obj_disable_rendering
                0x0000000080267c7c                cur_obj_unhide
                0x0000000080267ca4                cur_obj_hide
                0x0000000080267cc8                cur_obj_set_pos_relative
                0x0000000080267dc0                cur_obj_set_pos_relative_to_parent
                0x0000000080267e08                cur_obj_enable_rendering_2
                0x0000000080267e30                cur_obj_unused_init_on_floor
                0x0000000080267ed4                obj_set_face_angle_to_move_angle
                0x0000000080267efc                get_object_list_from_behavior
                0x0000000080267f44                cur_obj_nearest_object_with_behavior
                0x0000000080267f80                cur_obj_dist_to_nearest_object_with_behavior
                0x0000000080267fd4                cur_obj_find_nearest_object_with_behavior
                0x0000000080268104                find_unimportant_object
                0x0000000080268150                count_unimportant_objects
                0x00000000802681c4                count_objects_with_behavior
                0x0000000080268284                cur_obj_find_nearby_held_actor
                0x000000008026839c                cur_obj_change_action
                0x00000000802683e8                cur_obj_set_vel_from_mario_vel
                0x0000000080268454                cur_obj_reverse_animation
                0x000000008026848c                cur_obj_extend_animation_if_at_end
                0x00000000802684ec                cur_obj_check_if_near_animation_end
                0x000000008026858c                cur_obj_check_if_at_animation_end
                0x00000000802685f0                cur_obj_check_anim_frame
                0x0000000080268638                cur_obj_check_anim_frame_in_range
                0x0000000080268694                cur_obj_check_frame_prior_current_frame
                0x00000000802686fc                mario_is_in_air_action
                0x000000008026873c                mario_is_dive_sliding
                0x0000000080268780                cur_obj_set_y_vel_and_animation
                0x00000000802687c0                cur_obj_unrender_set_action_and_anim
                0x0000000080268968                cur_obj_get_thrown_or_placed
                0x0000000080268a5c                cur_obj_get_dropped
                0x0000000080268aa8                cur_obj_set_model
                0x0000000080268ad8                mario_set_flag
                0x0000000080268afc                cur_obj_clear_interact_status_flag
                0x0000000080268b50                obj_mark_for_deletion
                0x0000000080268b64                cur_obj_disable
                0x0000000080268b9c                cur_obj_become_intangible
                0x0000000080268bbc                cur_obj_become_tangible
                0x0000000080268bd8                obj_become_tangible
                0x0000000080268bec                cur_obj_update_floor_height
                0x0000000080268c34                cur_obj_update_floor_height_and_get_floor
                0x0000000080268d84                cur_obj_apply_drag_xz
                0x0000000080269450                cur_obj_move_y
                0x0000000080269724                cur_obj_unused_resolve_wall_collisions
                0x0000000080269790                abs_angle_diff
                0x00000000802697f4                cur_obj_move_xz_using_fvel_and_yaw
                0x000000008026988c                cur_obj_move_y_with_terminal_vel
                0x00000000802698f0                cur_obj_compute_vel_xz
                0x0000000080269958                increment_velocity_toward_range
                0x0000000080269a0c                obj_check_if_collided_with_object
                0x0000000080269a74                cur_obj_set_behavior
                0x0000000080269aac                obj_set_behavior
                0x0000000080269ae4                cur_obj_has_behavior
                0x0000000080269b3c                obj_has_behavior
                0x0000000080269b94                cur_obj_lateral_dist_from_mario_to_home
                0x0000000080269c1c                cur_obj_lateral_dist_to_home
                0x0000000080269c94                cur_obj_outside_home_square
                0x0000000080269d5c                cur_obj_outside_home_rectangle
                0x0000000080269e34                cur_obj_set_pos_to_home
                0x0000000080269e74                cur_obj_set_pos_to_home_and_stop
                0x0000000080269ec4                cur_obj_shake_y
                0x0000000080269f18                cur_obj_start_cam_event
                0x0000000080269f48                obj_set_billboard
                0x0000000080269f64                cur_obj_set_hitbox_radius_and_height
                0x0000000080269f8c                cur_obj_set_hurtbox_radius_and_height
                0x000000008026a0d0                obj_spawn_loot_yellow_coins
                0x000000008026a120                cur_obj_spawn_loot_coin_at_mario_pos
                0x000000008026a1ac                cur_obj_abs_y_dist_to_home
                0x000000008026a208                cur_obj_advance_looping_anim
                0x000000008026a480                cur_obj_resolve_wall_collisions
                0x000000008026a838                cur_obj_update_floor_and_walls
                0x000000008026a860                cur_obj_move_standard
                0x000000008026aacc                cur_obj_move_using_vel_and_gravity
                0x000000008026ab5c                cur_obj_move_using_fvel_and_gravity
                0x000000008026ab8c                obj_set_pos_relative
                0x000000008026ac60                cur_obj_angle_to_home
                0x000000008026acc8                obj_set_gfx_pos_at_obj_pos
                0x000000008026ad1c                obj_translate_local
                0x000000008026ae48                obj_build_transform_from_pos_and_angle
                0x000000008026af30                obj_set_throw_matrix_from_transform
                0x000000008026af9c                obj_build_transform_relative_to_parent
                0x000000008026b040                obj_create_transform_from_self
                0x000000008026b084                cur_obj_rotate_move_angle_using_vel
                0x000000008026b0dc                cur_obj_rotate_face_angle_using_vel
                0x000000008026b134                cur_obj_set_face_angle_to_move_angle
                0x000000008026b174                cur_obj_follow_path
                0x000000008026b3ec                chain_segment_init
                0x000000008026b42c                random_f32_around_zero
                0x000000008026b474                obj_scale_random
                0x000000008026b4d8                obj_translate_xyz_random
                0x000000008026b5a4                obj_translate_xz_random
                0x000000008026b6f8                cur_obj_set_pos_via_transform
                0x000000008026b780                cur_obj_reflect_move_angle_off_wall
                0x000000008026b7c4                cur_obj_spawn_particles
                0x000000008026b9bc                obj_set_hitbox
                0x000000008026bb1c                signum_positive
                0x000000008026bb4c                absf
                0x000000008026bb8c                absi
                0x000000008026bbbc                cur_obj_wait_then_blink
                0x000000008026bc6c                cur_obj_is_mario_ground_pounding_platform
                0x000000008026bcc4                spawn_mist_particles
                0x000000008026bcf4                spawn_mist_particles_with_sound
                0x000000008026bd30                cur_obj_push_mario_away
                0x000000008026be24                cur_obj_push_mario_away_from_cylinder
                0x000000008026beb4                bhv_dust_smoke_loop
                0x000000008026bf64                cur_obj_set_action_table
                0x000000008026bfa0                cur_obj_progress_action_table
                0x000000008026c040                stub_obj_helpers_3
                0x000000008026c058                cur_obj_scale_over_time
                0x000000008026c130                cur_obj_set_pos_to_home_with_debug
                0x000000008026c204                stub_obj_helpers_4
                0x000000008026c214                cur_obj_is_mario_on_platform
                0x000000008026c258                cur_obj_shake_y_until
                0x000000008026c2ec                jiggle_bbh_stair
                0x000000008026c348                cur_obj_call_action_function
                0x000000008026c410                spawn_base_star_with_no_lvl_exit
                0x000000008026c43c                bit_shift_left
                0x000000008026c460                cur_obj_mario_far_away
                0x000000008026c564                is_mario_moving_fast_or_in_air
                0x000000008026c5d0                is_item_in_array
                0x000000008026c638                bhv_init_room
                0x000000008026c728                cur_obj_enable_rendering_if_mario_in_room
                0x000000008026c878                cur_obj_set_hitbox_and_die_if_attacked
                0x000000008026c958                obj_explode_and_spawn_coins
                0x000000008026c9c4                obj_set_collision_data
                0x000000008026c9fc                cur_obj_if_hit_wall_bounce_away
                0x000000008026ca34                cur_obj_hide_if_mario_far_away_y
                0x000000008026cab4                geo_offset_klepto_held_object
                0x000000008026cafc                geo_offset_klepto_debug
                0x000000008026cb9c                obj_is_hidden
                0x000000008026cbd4                enable_time_stop
                0x000000008026cbf8                disable_time_stop
                0x000000008026cc20                set_time_stop_flags
                0x000000008026cc44                clear_time_stop_flags
                0x000000008026cc70                cur_obj_can_mario_activate_textbox
                0x000000008026cd8c                cur_obj_can_mario_activate_textbox_2
                0x000000008026ce30                cur_obj_update_dialog
                0x000000008026d09c                cur_obj_update_dialog_with_cutscene
                0x000000008026d34c                cur_obj_has_model
                0x000000008026d3a0                cur_obj_align_gfx_with_floor
                0x000000008026d47c                mario_is_within_rectangle
                0x000000008026d544                cur_obj_shake_screen
                0x000000008026d584                obj_attack_collided_from_other_object
                0x000000008026d5f4                cur_obj_was_attacked_or_ground_pounded
                0x000000008026d670                obj_copy_behavior_params
                0x000000008026d690                cur_obj_init_animation_and_anim_frame
                0x000000008026d6d0                cur_obj_init_animation_and_check_if_near_end
                0x000000008026d70c                cur_obj_init_animation_and_extend_if_at_end
                0x000000008026d740                cur_obj_check_grabbed_mario
                0x000000008026d7a0                player_performed_grab_escape_action
                0x000000008026d854                cur_obj_unused_play_footstep_sound
                0x000000008026d8a8                enable_time_stop_including_mario
                0x000000008026d8e0                disable_time_stop_including_mario
                0x000000008026d920                cur_obj_check_interacted
 build/jp/src/game/behavior_actions.o(.text)
 .text          0x000000008026d970    0x16270 build/jp/src/game/behavior_actions.o
                0x000000008026d970                bhv_piranha_particle_loop
                0x000000008026da10                mr_i_piranha_particle_act_0
                0x000000008026dad0                mr_i_piranha_particle_act_1
                0x000000008026db2c                bhv_mr_i_particle_loop
                0x000000008026db58                spawn_mr_i_particle
                0x000000008026dc60                bhv_mr_i_body_loop
                0x000000008026ddd8                mr_i_act_3
                0x000000008026e604                mr_i_act_2
                0x000000008026e98c                mr_i_act_1
                0x000000008026ebc4                mr_i_act_0
                0x000000008026ec74                bhv_mr_i_loop
                0x000000008026ed18                bhv_pole_init
                0x000000008026ed6c                bhv_giant_pole_loop
                0x000000008026edec                bhv_beta_chest_bottom_init
                0x000000008026ee74                bhv_beta_chest_bottom_loop
                0x000000008026eea8                bhv_beta_chest_lid_loop
                0x000000008026effc                bhv_water_air_bubble_init
                0x000000008026f02c                bhv_water_air_bubble_loop
                0x000000008026f2bc                bhv_bubble_wave_init
                0x000000008026f348                scale_bubble_random
                0x000000008026f398                bhv_bubble_maybe_loop
                0x000000008026f530                bhv_small_water_wave_loop
                0x000000008026f6c4                scale_bubble_sin
                0x000000008026f7a4                bhv_particle_init
                0x000000008026f84c                bhv_particle_loop
                0x000000008026f914                bhv_small_bubbles_loop
                0x000000008026f968                bhv_fish_group_loop
                0x000000008026f9d4                bhv_water_waves_init
                0x000000008026fa24                bhv_cannon_base_unused_loop
                0x000000008026fa4c                opened_cannon_act_0
                0x000000008026fbcc                opened_cannon_act_4
                0x000000008026fda0                opened_cannon_act_6
                0x000000008026ff88                opened_cannon_act_5
                0x0000000080270084                opened_cannon_act_1
                0x00000000802700cc                opened_cannon_act_2